------------------------------------------------------------
Timing Analyzer Summary
------------------------------------------------------------

Type  : Slow 1100mV 85C Model Setup 'clk'
Slack : -0.376
TNS   : -2.861

Type  : Slow 1100mV 85C Model Hold 'clk'
Slack : 0.216
TNS   : 0.000

Type  : Slow 1100mV 85C Model Minimum Pulse Width 'clk'
Slack : -0.394
TNS   : -6.375

Type  : Slow 1100mV 0C Model Setup 'clk'
Slack : -0.373
TNS   : -2.761

Type  : Slow 1100mV 0C Model Hold 'clk'
Slack : 0.276
TNS   : 0.000

Type  : Slow 1100mV 0C Model Minimum Pulse Width 'clk'
Slack : -0.394
TNS   : -6.540

Type  : Fast 1100mV 85C Model Setup 'clk'
Slack : 0.251
TNS   : 0.000

Type  : Fast 1100mV 85C Model Hold 'clk'
Slack : 0.139
TNS   : 0.000

Type  : Fast 1100mV 85C Model Minimum Pulse Width 'clk'
Slack : -0.050
TNS   : -0.490

Type  : Fast 1100mV 0C Model Setup 'clk'
Slack : 0.294
TNS   : 0.000

Type  : Fast 1100mV 0C Model Hold 'clk'
Slack : 0.146
TNS   : 0.000

Type  : Fast 1100mV 0C Model Minimum Pulse Width 'clk'
Slack : -0.063
TNS   : -0.620

------------------------------------------------------------
